../MAX31856/max31856.c:602:13:MAX31856_GetFaultString	8	static
../MAX31856/max31856.c:641:13:MAX31856_GetTCTypeString	0	static
../MAX31856/max31856.c:660:19:MAX31856_ReadRegister	24	static
../MAX31856/max31856.c:565:19:MAX31856_ReadFault	16	static
../MAX31856/max31856.c:699:19:MAX31856_WriteRegister	24	static
../MAX31856/max31856.c:198:19:MAX31856_SetTCType	24	static
../MAX31856/max31856.c:220:19:MAX31856_SetFilter	24	static
../MAX31856/max31856.c:245:19:MAX31856_SetAvgMode	24	static
../MAX31856/max31856.c:267:19:MAX31856_SetConvMode	24	static
../MAX31856/max31856.c:292:19:MAX31856_SetFaultMode	24	static
../MAX31856/max31856.c:317:19:MAX31856_SetOCFault	24	static
../MAX31856/max31856.c:339:19:MAX31856_EnableCJSensor	24	static
../MAX31856/max31856.c:359:19:MAX31856_SetCJOffset	16	static
../MAX31856/max31856.c:374:19:MAX31856_SetCJHighThreshold	8	static
../MAX31856/max31856.c:384:19:MAX31856_SetCJLowThreshold	8	static
../MAX31856/max31856.c:394:19:MAX31856_SetTCHighThreshold	16	static
../MAX31856/max31856.c:409:19:MAX31856_SetTCLowThreshold	16	static
../MAX31856/max31856.c:424:19:MAX31856_SetExternalCJTemp	16	static
../MAX31856/max31856.c:439:19:MAX31856_TriggerOneShot	24	static
../MAX31856/max31856.c:578:19:MAX31856_ClearFault	16	static
../MAX31856/max31856.c:181:19:MAX31856_DeInit	8	static
../MAX31856/max31856.c:593:19:MAX31856_SetFaultMask	0	static
../MAX31856/max31856.c:82:19:MAX31856_Init	32	static
../MAX31856/max31856.c:735:19:MAX31856_ReadMultipleRegisters	40	static
../MAX31856/max31856.c:459:19:MAX31856_ReadTemperature	32	static
../MAX31856/max31856.c:490:19:MAX31856_ReadCJTemperature	24	static
../MAX31856/max31856.c:535:19:MAX31856_ReadTCRaw	24	static
../MAX31856/max31856.c:513:19:MAX31856_ReadTCVoltage	24	static
